../Core/Src/MyCode/display.c:148:9:calculateMinute	8	static
../Core/Src/MyCode/display.c:152:9:calculateHours	8	static
../Core/Src/MyCode/display.c:156:9:DISPLAY_intermittentState	8	static
../Core/Src/MyCode/display.c:193:6:DISPLAY_PrintStrSmall	8	static
../Core/Src/MyCode/display.c:198:6:DISPLAY_PrintStrMedium	8	static
../Core/Src/MyCode/display.c:203:6:DISPLAY_PrintStrLarge	8	static
../Core/Src/MyCode/display.c:19:6:DISPLAY_drawMenu	112	static
../Core/Src/MyCode/display.c:208:6:DISPLAY_PrintStrHuge	8	static
../Core/Src/MyCode/display.c:168:6:DISPLAY_PrintFloatSmall	48	static
